// Jest Snapshot v1, https://goo.gl/fbAQLP

exports[`WorkspaceSideBar should render workspace side bar 1`] = `undefined`;
